TLC2 Version 2026.08.21.155922 (rev: 9787e65)
Warning: Please run the Java VM, which executes TLC with a throughput optimized garbage collector, by passing the "-XX:+UseParallelGC" property.
(Use the -nowarning option to disable this warning.)
Running breadth-first search Model-Checking with fp 4 and seed -3066869656257228911 with 1 worker on 8 cores with 3584MB heap and 64MB offheap memory [pid: 17] (Linux 6.18.35 amd64, Ubuntu 17.0.20 64bit, MSBDiskFPSet, DiskStateQueue).
Parsing file /workspace/scratch/8d91b8462454/cerberus-null/formal/CerberusNull.tla
Parsing file /tmp/tlc-13523245901971157696/Naturals.tla (jar:file:/workspace/scratch/8d91b8462454/cerberus-null/.tools/tla2tools.jar!/tla2sany/StandardModules/Naturals.tla)
Parsing file /tmp/tlc-13523245901971157696/TLC.tla (jar:file:/workspace/scratch/8d91b8462454/cerberus-null/.tools/tla2tools.jar!/tla2sany/StandardModules/TLC.tla)
Parsing file /tmp/tlc-13523245901971157696/Sequences.tla (jar:file:/workspace/scratch/8d91b8462454/cerberus-null/.tools/tla2tools.jar!/tla2sany/StandardModules/Sequences.tla)
Parsing file /tmp/tlc-13523245901971157696/FiniteSets.tla (jar:file:/workspace/scratch/8d91b8462454/cerberus-null/.tools/tla2tools.jar!/tla2sany/StandardModules/FiniteSets.tla)
Semantic processing of module Naturals
Semantic processing of module Sequences
Semantic processing of module FiniteSets
Semantic processing of module TLC
Semantic processing of module CerberusNull
Linting of module CerberusNull
Starting... (2026-08-27 22:28:01)
Computing initial states...
Finished computing initial states: 1 distinct state generated at 2026-08-27 22:28:01.
Model checking completed. No error has been found.
  Estimates of the probability that TLC did not check all reachable states
  because two distinct states had the same fingerprint:
  calculated (optimistic):  val = 1.4E-15
341 states generated, 221 distinct states found, 0 states left on queue.
The depth of the complete state graph search is 6.
The average outdegree of the complete state graph is 1 (minimum is 0, the maximum 31 and the 95th percentile is 2).
Finished in 00s at (2026-08-27 22:28:01)
